[shtheme.org/demosd/amassivx/index.html]
[shtheme.org/demosd/amassivx/wp-content/uploads/2020/04/favicon.ico]
[backblue.gif]
[fade.gif]
[index.html]
[shtheme.org/demosd/amassivx/indexd784.html]
[shtheme.org/demosd/amassivx/indexa6da.html]
[shtheme.org/demosd/amassivx/wp-includes/js/jquery/jquery4a5f.js]
[shtheme.org/demosd/amassivx/wp-includes/js/jquery/jquery-migrate.min330a.js]
[shtheme.org/demosd/amassivx/index52f0.json]
[shtheme.org/demosd/amassivx/xmlrpc0db0.php]
[shtheme.org/demosd/amassivx/index7bce.json]
[shtheme.org/demosd/amassivx/index97af.php]
[shtheme.org/demosd/amassivx/wp-content/uploads/2020/04/logo.png]
[shtheme.org/demosd/amassivx/wp-content/uploads/2020/04/slider_img01.jpg]
[shtheme.org/demosd/amassivx/wp-content/uploads/2020/04/header-img.jpg]
[shtheme.org/demosd/amassivx/index0743.html]
[shtheme.org/demosd/amassivx/indexe527.html]
[shtheme.org/demosd/amassivx/wp-content/uploads/2020/04/about.jpg]
[shtheme.org/demosd/amassivx/index188e.html]
[shtheme.org/demosd/amassivx/wp-content/uploads/2020/04/c-logo1.png]
[shtheme.org/demosd/amassivx/indexb9fc.html]
[shtheme.org/demosd/amassivx/index8a92.html]
[shtheme.org/demosd/amassivx/wp-content/uploads/2020/04/c-logo2.png]
[shtheme.org/demosd/amassivx/wp-content/uploads/2020/04/c-logo3.png]
[shtheme.org/demosd/amassivx/wp-content/uploads/2020/04/c-logo4.png]
[shtheme.org/demosd/amassivx/wp-content/uploads/2020/04/c-logo5.png]
[shtheme.org/demosd/amassivx/wp-content/uploads/2020/04/c-logo6.png]
[shtheme.org/demosd/amassivx/wp-content/uploads/2020/04/protfolio-img01.jpg]
[shtheme.org/demosd/amassivx/wp-content/uploads/2020/04/protfolio-img02.jpg]
[shtheme.org/demosd/amassivx/wp-content/uploads/2020/04/protfolio-img03.jpg]
[shtheme.org/demosd/amassivx/wp-content/uploads/2020/04/protfolio-img04.jpg]
[shtheme.org/demosd/amassivx/wp-content/uploads/2020/04/protfolio-img05.jpg]
[shtheme.org/demosd/amassivx/wp-content/uploads/2020/04/protfolio-img06.jpg]
[shtheme.org/demosd/amassivx/wp-content/uploads/2020/04/count-bg.jpg]
[shtheme.org/demosd/amassivx/wp-content/uploads/2020/04/team-img01.jpg]
[shtheme.org/demosd/amassivx/wp-content/uploads/2020/04/team-img02.jpg]
[shtheme.org/demosd/amassivx/wp-content/uploads/2020/04/team-img03.jpg]
[shtheme.org/demosd/amassivx/wp-content/uploads/2020/04/test-bg.jpg]
[shtheme.org/demosd/amassivx/wp-content/uploads/2020/04/testi_avatar.png]
[shtheme.org/demosd/amassivx/wp-content/uploads/2020/04/blogbg.png]
[shtheme.org/demosd/amassivx/wp-content/uploads/2020/04/inner_b1.jpg]
[shtheme.org/demosd/amassivx/indexc4f7.html]
[shtheme.org/demosd/amassivx/wp-content/uploads/2020/04/inner_b2.jpg]
[shtheme.org/demosd/amassivx/indexcd64.html]
[shtheme.org/demosd/amassivx/wp-content/uploads/2020/04/inner_b3.jpg]
[shtheme.org/demosd/amassivx/indexd8eb.html]
[shtheme.org/demosd/amassivx/wp-content/uploads/2020/04/contactbg.jpg]
[shtheme.org/demosd/amassivx/index341b.html]
[shtheme.org/demosd/amassivx/wp-content/uploads/2020/04/w_logo.png]
[shtheme.org/demosd/amassivx/wp-content/uploads/2020/04/insta_post01.jpg]
[shtheme.org/demosd/amassivx/wp-content/uploads/2020/04/insta_post02.jpg]
[shtheme.org/demosd/amassivx/wp-content/uploads/2020/04/insta_post03.jpg]
[shtheme.org/demosd/amassivx/wp-content/uploads/2020/04/insta_post04.jpg]
[shtheme.org/demosd/amassivx/wp-content/uploads/2020/04/insta_post05.jpg]
[shtheme.org/demosd/amassivx/wp-content/uploads/2020/04/insta_post06.jpg]
[shtheme.org/demosd/amassivx/wp-content/plugins/contact-form-7/includes/js/scriptsce52.js]
[shtheme.org/demosd/amassivx/wp-content/themes/amassivx/js/vendor/modernizr-3.5.0.min8217.js]
[shtheme.org/demosd/amassivx/wp-content/themes/amassivx/js/vendor/jquery-1.12.4.min8217.js]
[shtheme.org/demosd/amassivx/wp-content/themes/amassivx/js/popper.min8217.js]
[shtheme.org/demosd/amassivx/wp-content/themes/amassivx/js/bootstrap.min8217.js]
[shtheme.org/demosd/amassivx/wp-content/themes/amassivx/js/one-page-nav-min8217.js]
[shtheme.org/demosd/amassivx/wp-content/themes/amassivx/js/slick.min8217.js]
[shtheme.org/demosd/amassivx/wp-content/themes/amassivx/js/ajax-form8217.js]
[shtheme.org/demosd/amassivx/wp-content/themes/amassivx/js/paroller8217.js]
[shtheme.org/demosd/amassivx/wp-content/themes/amassivx/js/wow.min8217.js]
[shtheme.org/demosd/amassivx/wp-content/themes/amassivx/js/js_isotope.pkgd.min8217.js]
[shtheme.org/demosd/amassivx/wp-includes/js/imagesloaded.min55a0.js]
[shtheme.org/demosd/amassivx/wp-content/themes/amassivx/js/parallax.min8217.js]
[shtheme.org/demosd/amassivx/wp-content/themes/amassivx/js/jquery.waypoints.min8217.js]
[shtheme.org/demosd/amassivx/wp-content/themes/amassivx/js/jquery.counterup.min8217.js]
[shtheme.org/demosd/amassivx/wp-content/themes/amassivx/js/jquery.scrollUp.min8217.js]
[shtheme.org/demosd/amassivx/wp-content/themes/amassivx/js/particles8217.js]
[shtheme.org/demosd/amassivx/wp-content/themes/amassivx/js/particles.app8217.js]
[shtheme.org/demosd/amassivx/wp-content/themes/amassivx/js/typed8217.js]
[shtheme.org/demosd/amassivx/wp-content/themes/amassivx/js/parallax-scroll8217.js]
[shtheme.org/demosd/amassivx/wp-content/themes/amassivx/js/jquery.magnific-popup.min8217.js]
[shtheme.org/demosd/amassivx/wp-content/themes/amassivx/js/element-in-view8217.js]
[shtheme.org/demosd/amassivx/wp-content/themes/amassivx/js/main8217.js]
[shtheme.org/demosd/amassivx/wp-includes/js/wp-embed.min8217.js]
[shtheme.org/demosd/amassivx/wp-content/plugins/bdevs-elementor/assets/js/bdevs-elementor8a54.js]
[shtheme.org/demosd/amassivx/wp-content/plugins/elementor/assets/js/webpack.runtime.minaeb9.js]
[shtheme.org/demosd/amassivx/wp-content/plugins/elementor/assets/js/frontend-modules.minaeb9.js]
[shtheme.org/demosd/amassivx/wp-includes/js/jquery/ui/position.mine899.js]
[shtheme.org/demosd/amassivx/wp-content/plugins/elementor/assets/lib/dialog/dialog.mina288.js]
[shtheme.org/demosd/amassivx/wp-content/plugins/elementor/assets/lib/waypoints/waypoints.min05da.js]
[shtheme.org/demosd/amassivx/wp-content/plugins/elementor/assets/lib/share-link/share-link.minaeb9.js]
[shtheme.org/demosd/amassivx/wp-content/plugins/elementor/assets/lib/swiper/swiper.min48f5.js]
[shtheme.org/demosd/amassivx/wp-content/plugins/elementor/assets/js/frontend.minaeb9.js]
[shtheme.org/demosd/amassivx/wp-content/plugins/elementor/assets/js/preloaded-elements-handlers.minaeb9.js]
[shtheme.org/demosd/amassivx/index.html]
[shtheme.org/demosd/amassivx/wp-includes/css/dist/block-library/style.min8217.css]
[shtheme.org/demosd/amassivx/wp-content/plugins/contact-form-7/images/ajax-loader.gif]
[shtheme.org/demosd/amassivx/wp-content/plugins/contact-form-7/includes/css/stylesce52.css]
[shtheme.org/demosd/amassivx/wp-content/themes/amassivx/css/bootstrap.min8217.css]
[shtheme.org/demosd/amassivx/wp-content/themes/amassivx/css/animate.min8217.css]
[shtheme.org/demosd/amassivx/wp-content/themes/amassivx/css/magnific-popup8217.css]
[shtheme.org/demosd/amassivx/wp-content/themes/amassivx/fonts/fa-brands-400.eot]
[shtheme.org/demosd/amassivx/wp-content/themes/amassivx/fonts/fa-brands-400d41d.eot]
[shtheme.org/demosd/amassivx/wp-content/themes/amassivx/fonts/fa-brands-400.woff2]
[shtheme.org/demosd/amassivx/wp-content/themes/amassivx/fonts/fa-brands-400.woff]
[shtheme.org/demosd/amassivx/wp-content/themes/amassivx/fonts/fa-brands-400.ttf]
[shtheme.org/demosd/amassivx/wp-content/themes/amassivx/fonts/fa-regular-400.eot]
[shtheme.org/demosd/amassivx/wp-content/themes/amassivx/fonts/fa-regular-400d41d.eot]
[shtheme.org/demosd/amassivx/wp-content/themes/amassivx/fonts/fa-regular-400.woff2]
[shtheme.org/demosd/amassivx/wp-content/themes/amassivx/fonts/fa-regular-400.woff]
[shtheme.org/demosd/amassivx/wp-content/themes/amassivx/fonts/fa-regular-400.ttf]
[shtheme.org/demosd/amassivx/wp-content/themes/amassivx/fonts/fa-solid-900.eot]
[shtheme.org/demosd/amassivx/wp-content/themes/amassivx/fonts/fa-solid-900d41d.eot]
[shtheme.org/demosd/amassivx/wp-content/themes/amassivx/fonts/fa-solid-900.woff2]
[shtheme.org/demosd/amassivx/wp-content/themes/amassivx/fonts/fa-solid-900.woff]
[shtheme.org/demosd/amassivx/wp-content/themes/amassivx/fonts/fa-solid-900.ttf]
[shtheme.org/demosd/amassivx/wp-content/themes/amassivx/css/fontawesome-all.min8217.css]
[shtheme.org/demosd/amassivx/wp-content/themes/amassivx/fontawesome/webfonts/fa-brands-400.eot]
[shtheme.org/demosd/amassivx/wp-content/themes/amassivx/fontawesome/webfonts/fa-brands-400d41d.eot]
[shtheme.org/demosd/amassivx/wp-content/themes/amassivx/fontawesome/webfonts/fa-brands-400.woff2]
[shtheme.org/demosd/amassivx/wp-content/themes/amassivx/fontawesome/webfonts/fa-brands-400.woff]
[shtheme.org/demosd/amassivx/wp-content/themes/amassivx/fontawesome/webfonts/fa-brands-400.ttf]
[shtheme.org/demosd/amassivx/wp-content/themes/amassivx/fontawesome/webfonts/fa-duotone-900.eot]
[shtheme.org/demosd/amassivx/wp-content/themes/amassivx/fontawesome/webfonts/fa-duotone-900d41d.eot]
[shtheme.org/demosd/amassivx/wp-content/themes/amassivx/fontawesome/webfonts/fa-duotone-900.woff2]
[shtheme.org/demosd/amassivx/wp-content/themes/amassivx/fontawesome/webfonts/fa-duotone-900.woff]
[shtheme.org/demosd/amassivx/wp-content/themes/amassivx/fontawesome/webfonts/fa-duotone-900.ttf]
[shtheme.org/demosd/amassivx/wp-content/themes/amassivx/fontawesome/webfonts/fa-light-300.eot]
[shtheme.org/demosd/amassivx/wp-content/themes/amassivx/fontawesome/webfonts/fa-light-300d41d.eot]
[shtheme.org/demosd/amassivx/wp-content/themes/amassivx/fontawesome/webfonts/fa-light-300.woff2]
[shtheme.org/demosd/amassivx/wp-content/themes/amassivx/fontawesome/webfonts/fa-light-300.woff]
[shtheme.org/demosd/amassivx/wp-content/themes/amassivx/fontawesome/webfonts/fa-light-300.ttf]
[shtheme.org/demosd/amassivx/wp-content/themes/amassivx/fontawesome/webfonts/fa-regular-400.eot]
[shtheme.org/demosd/amassivx/wp-content/themes/amassivx/fontawesome/webfonts/fa-regular-400d41d.eot]
[shtheme.org/demosd/amassivx/wp-content/themes/amassivx/fontawesome/webfonts/fa-regular-400.woff2]
[shtheme.org/demosd/amassivx/wp-content/themes/amassivx/fontawesome/webfonts/fa-regular-400.woff]
[shtheme.org/demosd/amassivx/wp-content/themes/amassivx/fontawesome/webfonts/fa-regular-400.ttf]
[shtheme.org/demosd/amassivx/wp-content/themes/amassivx/fontawesome/webfonts/fa-solid-900.eot]
[shtheme.org/demosd/amassivx/wp-content/themes/amassivx/fontawesome/webfonts/fa-solid-900d41d.eot]
[shtheme.org/demosd/amassivx/wp-content/themes/amassivx/fontawesome/webfonts/fa-solid-900.woff2]
[shtheme.org/demosd/amassivx/wp-content/themes/amassivx/fontawesome/webfonts/fa-solid-900.woff]
[shtheme.org/demosd/amassivx/wp-content/themes/amassivx/fontawesome/webfonts/fa-solid-900.ttf]
[shtheme.org/demosd/amassivx/wp-content/themes/amassivx/fontawesome/css/all.min8217.css]
[shtheme.org/demosd/amassivx/wp-content/themes/amassivx/fonts/dripicons-v2.eot]
[shtheme.org/demosd/amassivx/wp-content/themes/amassivx/fonts/dripicons-v2d41d.eot]
[shtheme.org/demosd/amassivx/wp-content/themes/amassivx/fonts/dripicons-v2.woff]
[shtheme.org/demosd/amassivx/wp-content/themes/amassivx/fonts/dripicons-v2.ttf]
[shtheme.org/demosd/amassivx/wp-content/themes/amassivx/css/dripicons8217.css]
[shtheme.org/demosd/amassivx/wp-content/themes/amassivx/css/slick8217.css]
[shtheme.org/demosd/amassivx/wp-content/themes/amassivx/css/default8217.css]
[shtheme.org/demosd/amassivx/wp-content/themes/amassivx/img/icon/blockquote_d.png]
[shtheme.org/demosd/amassivx/wp-content/themes/amassivx/images/quote_bg.png]
[shtheme.org/demosd/amassivx/wp-content/themes/amassivx/css/style8217.css]
[shtheme.org/demosd/amassivx/wp-content/themes/amassivx/css/responsive8217.css]
[shtheme.org/demosd/amassivx/wp-content/themes/amassivx/stylec365.css]
[shtheme.org/demosd/amassivx/wp-content/plugins/elementor/assets/lib/eicons/fonts/eiconsa481.eot]
[shtheme.org/demosd/amassivx/wp-content/plugins/elementor/assets/lib/eicons/fonts/eiconsa481.woff2]
[shtheme.org/demosd/amassivx/wp-content/plugins/elementor/assets/lib/eicons/fonts/eiconsa481.woff]
[shtheme.org/demosd/amassivx/wp-content/plugins/elementor/assets/lib/eicons/fonts/eiconsa481.ttf]
[shtheme.org/demosd/amassivx/wp-content/plugins/elementor/assets/lib/eicons/css/elementor-icons.min21f9.css]
[shtheme.org/demosd/amassivx/wp-content/plugins/elementor/assets/lib/animations/animations.minaeb9.css]
[shtheme.org/demosd/amassivx/wp-content/plugins/elementor/assets/css/frontend-legacy.minaeb9.css]
[shtheme.org/demosd/amassivx/wp-content/plugins/elementor/assets/css/frontend.minaeb9.css]
[shtheme.org/demosd/amassivx/wp-content/uploads/elementor/css/post-2240b28.css]
[shtheme.org/demosd/amassivx/wp-content/plugins/elementor/assets/lib/font-awesome/fonts/fontawesome-webfont3e6e.eot]
[shtheme.org/demosd/amassivx/wp-content/plugins/elementor/assets/lib/font-awesome/fonts/fontawesome-webfontd41d.eot]
[shtheme.org/demosd/amassivx/wp-content/plugins/elementor/assets/lib/font-awesome/fonts/fontawesome-webfont3e6e.woff2]
[shtheme.org/demosd/amassivx/wp-content/plugins/elementor/assets/lib/font-awesome/fonts/fontawesome-webfont3e6e.woff]
[shtheme.org/demosd/amassivx/wp-content/plugins/elementor/assets/lib/font-awesome/fonts/fontawesome-webfont3e6e.ttf]
[shtheme.org/demosd/amassivx/wp-content/plugins/elementor/assets/lib/font-awesome/css/font-awesome.min1849.css]
[shtheme.org/demosd/amassivx/wp-content/uploads/elementor/css/global0b28.css]
[shtheme.org/demosd/amassivx/wp-includes/wlwmanifest.html]
[shtheme.org/demosd/amassivx/indexad34.json]
[shtheme.org/demosd/amassivx/index8bd1.php]
[shtheme.org/demosd/amassivx/wp-content/uploads/2020/04/header-bg2.jpg]
[shtheme.org/demosd/amassivx/index0743.html]
[shtheme.org/demosd/amassivx/index1a60.json]
[shtheme.org/demosd/amassivx/index735e.php]
[shtheme.org/demosd/amassivx/indexe527.html]
[shtheme.org/demosd/amassivx/index1a32.json]
[shtheme.org/demosd/amassivx/indexa324.php]
[shtheme.org/demosd/amassivx/index188e.html]
[shtheme.org/demosd/amassivx/index606a.json]
[shtheme.org/demosd/amassivx/index88cb.php]
[shtheme.org/demosd/amassivx/index8a92.html]
[shtheme.org/demosd/amassivx/indexda8b.json]
[shtheme.org/demosd/amassivx/indexd5e5.php]
[shtheme.org/demosd/amassivx/indexb9fc.html]
[shtheme.org/demosd/amassivx/index72f0.json]
[shtheme.org/demosd/amassivx/indexaf44.html]
[shtheme.org/demosd/amassivx/index3ba0.html]
[shtheme.org/demosd/amassivx/indexe517.php]
[shtheme.org/demosd/amassivx/wp-content/uploads/2020/04/b_details01.jpg]
[shtheme.org/demosd/amassivx/wp-content/uploads/2020/04/b_details02.jpg]
[shtheme.org/demosd/amassivx/index579d.html]
[shtheme.org/demosd/amassivx/wp-content/uploads/2020/04/insta_01.jpg]
[shtheme.org/demosd/amassivx/index3e79.html]
[shtheme.org/demosd/amassivx/indexb781.html]
[shtheme.org/demosd/amassivx/wp-content/uploads/2020/04/insta_02.jpg]
[shtheme.org/demosd/amassivx/wp-content/uploads/2020/04/insta_03.jpg]
[shtheme.org/demosd/amassivx/wp-content/uploads/2020/04/insta_04.jpg]
[shtheme.org/demosd/amassivx/wp-content/uploads/2020/04/insta_05.jpg]
[shtheme.org/demosd/amassivx/wp-content/uploads/2020/04/insta_06.jpg]
[shtheme.org/demosd/amassivx/wp-content/uploads/2020/04/insta_07.jpg]
[shtheme.org/demosd/amassivx/wp-content/uploads/2020/04/insta_08.jpg]
[shtheme.org/demosd/amassivx/wp-content/uploads/2020/04/insta_09.jpg]
[shtheme.org/demosd/amassivx/index5b0d.html]
[shtheme.org/demosd/amassivx/indexb0b7.html]
[shtheme.org/demosd/amassivx/index4821.html]
[shtheme.org/demosd/amassivx/index3f7b.html]
[shtheme.org/demosd/amassivx/wp-content/uploads/2020/04/post_01.jpg]
[shtheme.org/demosd/amassivx/indexc055.html]
[shtheme.org/demosd/amassivx/index5643.html]
[shtheme.org/demosd/amassivx/wp-content/uploads/2020/04/post_05.jpg]
[shtheme.org/demosd/amassivx/wp-content/uploads/2020/04/post_04.jpg]
[shtheme.org/demosd/amassivx/index6c46.html]
[shtheme.org/demosd/amassivx/index1e7e.html]
[shtheme.org/demosd/amassivx/wp-content/uploads/2020/04/post_03.jpg]
[shtheme.org/demosd/amassivx/wp-content/uploads/2020/04/post_02.jpg]
[shtheme.org/demosd/amassivx/index0d0b.html]
[shtheme.org/demosd/amassivx/wp-includes/js/comment-reply.min8217.js]
[shtheme.org/demosd/amassivx/wp-content/plugins/akismet/_inc/forma352.js]
[shtheme.org/demosd/amassivx/indexc4f7.html]
[shtheme.org/demosd/amassivx/indexb93f.html]
[shtheme.org/demosd/amassivx/index4ecc.html]
[shtheme.org/demosd/amassivx/index767b.html]
[shtheme.org/demosd/amassivx/index83fc.html]
[shtheme.org/demosd/amassivx/indexe036.html]
[shtheme.org/demosd/amassivx/index753f.html]
[shtheme.org/demosd/amassivx/wp-content/themes/amassivx/img/bg/quote_bg.png]
[shtheme.org/demosd/amassivx/index75f8.html]
[shtheme.org/demosd/amassivx/indexa294.html]
[shtheme.org/demosd/amassivx/index9a5f.html]
[shtheme.org/demosd/amassivx/wp-content/themes/amassivx/img/icon/blockquote.png]
[shtheme.org/demosd/amassivx/indexcd64.html]
[shtheme.org/demosd/amassivx/index78a0.html]
[shtheme.org/demosd/amassivx/indexe103.json]
[shtheme.org/demosd/amassivx/indexc171.html]
[shtheme.org/demosd/amassivx/index4d88.html]
[shtheme.org/demosd/amassivx/index485b.php]
[shtheme.org/demosd/amassivx/indexd8eb.html]
[shtheme.org/demosd/amassivx/index931c.json]
[shtheme.org/demosd/amassivx/index0345.html]
[shtheme.org/demosd/amassivx/index001f.html]
[shtheme.org/demosd/amassivx/index87ca.php]
[shtheme.org/demosd/amassivx/wp-content/uploads/2020/04/inner_b3-150x150.jpg]
[shtheme.org/demosd/amassivx/index4475.html]
[shtheme.org/demosd/amassivx/wp-content/uploads/2020/04/inner_b2-150x150.jpg]
[shtheme.org/demosd/amassivx/wp-content/uploads/2020/04/inner_b1-150x150.jpg]
[shtheme.org/demosd/amassivx/index341b.html]
[shtheme.org/demosd/amassivx/index87c0.html]
[shtheme.org/demosd/amassivx/wp-content/themes/amassivx/fonts/fa-brands-400.svg]
[shtheme.org/demosd/amassivx/wp-content/themes/amassivx/fonts/fa-regular-400.svg]
[shtheme.org/demosd/amassivx/wp-content/themes/amassivx/fonts/fa-solid-900.svg]
[shtheme.org/demosd/amassivx/wp-content/themes/amassivx/fontawesome/webfonts/fa-brands-400.svg]
[shtheme.org/demosd/amassivx/index3a03.html]
[shtheme.org/demosd/amassivx/wp-content/themes/amassivx/fontawesome/webfonts/fa-duotone-900.svg]
[shtheme.org/demosd/amassivx/wp-content/themes/amassivx/fontawesome/webfonts/fa-light-300.svg]
[shtheme.org/demosd/amassivx/wp-content/themes/amassivx/fontawesome/webfonts/fa-regular-400.svg]
[shtheme.org/demosd/amassivx/wp-content/themes/amassivx/fontawesome/webfonts/fa-solid-900.svg]
[shtheme.org/demosd/amassivx/wp-content/themes/amassivx/fonts/dripicons-v2.svg]
[shtheme.org/demosd/amassivx/wp-content/themes/amassivx/images/quote_bg.html]
[shtheme.org/demosd/amassivx/wp-content/plugins/elementor/assets/lib/eicons/fonts/eiconsa481.svg]
[shtheme.org/demosd/amassivx/wp-content/plugins/elementor/assets/lib/font-awesome/fonts/fontawesome-webfont3e6e.svg]
[shtheme.org/demosd/amassivx/indexe2dc.html]
[shtheme.org/demosd/amassivx/index6cf3.html]
[shtheme.org/demosd/amassivx/index8cae.html]
[shtheme.org/demosd/amassivx/indexe839.html]
[shtheme.org/demosd/amassivx/wp-content/uploads/elementor/css/post-77c0cb.css]
[shtheme.org/demosd/amassivx/indexb135.html]
[shtheme.org/demosd/amassivx/indexb97a.json]
[shtheme.org/demosd/amassivx/indexa0d9.html]
[shtheme.org/demosd/amassivx/indexc14b.php]
[shtheme.org/demosd/amassivx/index3ba0.html]
[shtheme.org/demosd/amassivx/index579d.html]
[shtheme.org/demosd/amassivx/indexb781.html]
[shtheme.org/demosd/amassivx/index3e79.html]
[shtheme.org/demosd/amassivx/index2bb8.html]
[shtheme.org/demosd/amassivx/index5b0d.html]
[shtheme.org/demosd/amassivx/indexe6d5.html]
[shtheme.org/demosd/amassivx/index35a4.html]
[shtheme.org/demosd/amassivx/index2cf9.html]
[shtheme.org/demosd/amassivx/indexb0b7.html]
[shtheme.org/demosd/amassivx/index8b93.html]
[shtheme.org/demosd/amassivx/index3f7b.html]
[shtheme.org/demosd/amassivx/indexc055.html]
[shtheme.org/demosd/amassivx/indexb63a.html]
[shtheme.org/demosd/amassivx/index4821.html]
[shtheme.org/demosd/amassivx/index07d3.html]
[shtheme.org/demosd/amassivx/indexc323.html]
[shtheme.org/demosd/amassivx/indexf57f.html]
[shtheme.org/demosd/amassivx/index2745.html]
[shtheme.org/demosd/amassivx/index83c4.json]
[shtheme.org/demosd/amassivx/index2ab6.php]
[shtheme.org/demosd/amassivx/index5643.html]
[shtheme.org/demosd/amassivx/index6288.json]
[shtheme.org/demosd/amassivx/indexc0fb.html]
[shtheme.org/demosd/amassivx/indexd4c3.html]
[shtheme.org/demosd/amassivx/index6f31.php]
[shtheme.org/demosd/amassivx/index6c46.html]
[shtheme.org/demosd/amassivx/index9892.html]
[shtheme.org/demosd/amassivx/index16ca.json]
[shtheme.org/demosd/amassivx/index8042.html]
[shtheme.org/demosd/amassivx/index4209.html]
[shtheme.org/demosd/amassivx/indexcec8.php]
[shtheme.org/demosd/amassivx/index1e7e.html]
[shtheme.org/demosd/amassivx/indexef5f.html]
[shtheme.org/demosd/amassivx/index8c3a.json]
[shtheme.org/demosd/amassivx/indexaf13.html]
[shtheme.org/demosd/amassivx/index3478.html]
[shtheme.org/demosd/amassivx/indexb95b.php]
[shtheme.org/demosd/amassivx/index0d0b.html]
[shtheme.org/demosd/amassivx/index666f.html]
[shtheme.org/demosd/amassivx/index8044.json]
[shtheme.org/demosd/amassivx/indexee68.html]
[shtheme.org/demosd/amassivx/index0dd5.html]
[shtheme.org/demosd/amassivx/index6ee1.php]
[shtheme.org/demosd/amassivx/indexb93f.html]
[shtheme.org/demosd/amassivx/index83fc.html]
[shtheme.org/demosd/amassivx/index4ecc.html]
[shtheme.org/demosd/amassivx/indexe036.html]
[shtheme.org/demosd/amassivx/indexf10b.html]
[shtheme.org/demosd/amassivx/index138f.html]
[shtheme.org/demosd/amassivx/index767b.html]
[shtheme.org/demosd/amassivx/index05cc.html]
[shtheme.org/demosd/amassivx/index753f.html]
[shtheme.org/demosd/amassivx/index75f8.html]
[shtheme.org/demosd/amassivx/indexa294.html]
[shtheme.org/demosd/amassivx/indexebe1.html]
[shtheme.org/demosd/amassivx/index056a.html]
[shtheme.org/demosd/amassivx/index2809.html]
[shtheme.org/demosd/amassivx/index6e49.html]
[shtheme.org/demosd/amassivx/index9a5f.html]
[shtheme.org/demosd/amassivx/indexc171.html]
[shtheme.org/demosd/amassivx/index0617.html]
[shtheme.org/demosd/amassivx/indexe830.json]
[shtheme.org/demosd/amassivx/indexd409.html]
[shtheme.org/demosd/amassivx/indexd691.php]
[shtheme.org/demosd/amassivx/index0345.html]
[shtheme.org/demosd/amassivx/index579c.html]
[shtheme.org/demosd/amassivx/index11c4.json]
[shtheme.org/demosd/amassivx/index6ae1.php]
[shtheme.org/demosd/amassivx/wp-content/uploads/2020/04/inner_b3-300x179.jpg]
[shtheme.org/demosd/amassivx/index4475.html]
[shtheme.org/demosd/amassivx/index838a.json]
[shtheme.org/demosd/amassivx/indexbff0.php]
[shtheme.org/demosd/amassivx/wp-content/uploads/2020/04/inner_b2-300x179.jpg]
[shtheme.org/demosd/amassivx/index87c0.html]
[shtheme.org/demosd/amassivx/index2700.json]
[shtheme.org/demosd/amassivx/indexe507.php]
[shtheme.org/demosd/amassivx/wp-content/uploads/2020/04/inner_b1-300x179.jpg]
[shtheme.org/demosd/amassivx/index3a03.html]
[shtheme.org/demosd/amassivx/index12a8.json]
[shtheme.org/demosd/amassivx/indexfa2a.html]
[shtheme.org/demosd/amassivx/indexf9fc.php]
[shtheme.org/demosd/amassivx/index2cf9.html]
[shtheme.org/demosd/amassivx/indexc0fb.html]
[shtheme.org/demosd/amassivx/index9892.html]
[shtheme.org/demosd/amassivx/index4209.html]
[shtheme.org/demosd/amassivx/index8042.html]
[shtheme.org/demosd/amassivx/indexaf13.html]
[shtheme.org/demosd/amassivx/index3478.html]
[shtheme.org/demosd/amassivx/indexee68.html]
[shtheme.org/demosd/amassivx/index0dd5.html]
[shtheme.org/demosd/amassivx/indexd409.html]
[shtheme.org/demosd/amassivx/index07c9.html]
[shtheme.org/demosd/amassivx/index0b69.html]
[shtheme.org/demosd/amassivx/index4f03.html]
[shtheme.org/demosd/amassivx/index88b9.html]
[shtheme.org/demosd/amassivx/index2dc4.html]
[shtheme.org/demosd/amassivx/indexebe7.html]
[shtheme.org/demosd/amassivx/index3b6c.html]
[shtheme.org/demosd/amassivx/index678b.html]
[shtheme.org/demosd/amassivx/index8dd7.html]
[shtheme.org/demosd/amassivx/indexda43.html]
[shtheme.org/demosd/amassivx/index82b7.html]
[shtheme.org/demosd/amassivx/index8956.html]
[shtheme.org/demosd/amassivx/index1c06.json]
[shtheme.org/demosd/amassivx/index6ddc.php]
[shtheme.org/demosd/amassivx/index88b9.html]
[shtheme.org/demosd/amassivx/index3b6c.html]
[shtheme.org/demosd/amassivx/index8dd7.html]
[shtheme.org/demosd/amassivx/index82b7.html]
[shtheme.org/demosd/amassivx/index1684.html]
[shtheme.org/demosd/amassivx/index8d15.html]
[shtheme.org/demosd/amassivx/indexc8ab.html]
[shtheme.org/demosd/amassivx/index8d15.html]
[shtheme.org/demosd/amassivx/indexc8ab.html]
[shtheme.org/demosd/amassivx/index1684.html]
